LX51 LINKER/LOCATER V4.66.41.0                                                          06/02/2016  19:11:52  PAGE 1


LX51 LINKER/LOCATER V4.66.41.0, INVOKED BY:
C:\KEIL_V5\C51\BIN\LX51.EXE .\Objects\STARTUP.obj, .\phys340libkeil.obj, .\Objects\Motor.obj TO .\Objects\Motor PRINT (.
>> \Listings\Motor.map)


CPU MODE:     8051 MODE
MEMORY MODEL: LARGE WITH FLOATING POINT ARITHMETIC


INPUT MODULES INCLUDED:
  .\Objects\STARTUP.obj (?C_STARTUP)
         COMMENT TYPE 1: A51 / ASM51 Assembler
  .\phys340libkeil.obj (PHYS340LIBKEIL)
         COMMENT TYPE 1: C51 Compiler
  .\Objects\Motor.obj (MOTOR)
         COMMENT TYPE 0: C51 V9.54
  C:\KEIL_V5\C51\LIB\C51FPL.LIB (?C?FPADD)
         COMMENT TYPE 1: A51 / ASM51 Assembler
  C:\KEIL_V5\C51\LIB\C51FPL.LIB (?C?FPMUL)
         COMMENT TYPE 1: A51 / ASM51 Assembler
  C:\KEIL_V5\C51\LIB\C51FPL.LIB (?C?FPDIV)
         COMMENT TYPE 1: A51 / ASM51 Assembler
  C:\KEIL_V5\C51\LIB\C51FPL.LIB (?C?FPCMP)
         COMMENT TYPE 1: A51 / ASM51 Assembler
  C:\KEIL_V5\C51\LIB\C51FPL.LIB (?C?FCAST)
         COMMENT TYPE 1: A51 / ASM51 Assembler
  C:\KEIL_V5\C51\LIB\C51FPL.LIB (?C?CASTF)
         COMMENT TYPE 1: A51 / ASM51 Assembler
  C:\KEIL_V5\C51\LIB\C51FPL.LIB (PRINTF)
         COMMENT TYPE 1: A51 / ASM51 Assembler
  C:\KEIL_V5\C51\LIB\C51FPL.LIB (?C?FPGETOPN)
         COMMENT TYPE 1: A51 / ASM51 Assembler
  C:\KEIL_V5\C51\LIB\C51FPL.LIB (?C?FPROUND)
         COMMENT TYPE 1: A51 / ASM51 Assembler
  C:\KEIL_V5\C51\LIB\C51FPL.LIB (?C?FPCONVERT)
         COMMENT TYPE 1: A51 / ASM51 Assembler
  C:\KEIL_V5\C51\LIB\C51FPL.LIB (?C?FTNPWR)
         COMMENT TYPE 1: A51 / ASM51 Assembler
  C:\KEIL_V5\C51\LIB\C51L.LIB (?C_INIT)
         COMMENT TYPE 1: A51 / ASM51 Assembler
  C:\KEIL_V5\C51\LIB\C51L.LIB (?C?CLDPTR)
         COMMENT TYPE 1: A51 / ASM51 Assembler
  C:\KEIL_V5\C51\LIB\C51L.LIB (?C?CLDOPTR)
         COMMENT TYPE 1: A51 / ASM51 Assembler
  C:\KEIL_V5\C51\LIB\C51L.LIB (?C?CSTPTR)
         COMMENT TYPE 1: A51 / ASM51 Assembler
  C:\KEIL_V5\C51\LIB\C51L.LIB (?C?CSTOPTR)
         COMMENT TYPE 1: A51 / ASM51 Assembler
  C:\KEIL_V5\C51\LIB\C51L.LIB (?C?SLDIV)
         COMMENT TYPE 1: A51 / ASM51 Assembler
  C:\KEIL_V5\C51\LIB\C51L.LIB (?C?LNEG)
         COMMENT TYPE 1: A51 / ASM51 Assembler
  C:\KEIL_V5\C51\LIB\C51L.LIB (?C?LSTXDATA)
         COMMENT TYPE 1: A51 / ASM51 Assembler
  C:\KEIL_V5\C51\LIB\C51L.LIB (?C?LSTKXDATA)
         COMMENT TYPE 1: A51 / ASM51 Assembler
  C:\KEIL_V5\C51\LIB\C51L.LIB (?C?PLDIXDATA)
         COMMENT TYPE 1: A51 / ASM51 Assembler
  C:\KEIL_V5\C51\LIB\C51L.LIB (?C?PSTXDATA)
         COMMENT TYPE 1: A51 / ASM51 Assembler
  C:\KEIL_V5\C51\LIB\C51L.LIB (?C?CCASE)
         COMMENT TYPE 1: A51 / ASM51 Assembler
  C:\KEIL_V5\C51\LIB\C51L.LIB (PUTCHAR)
         COMMENT TYPE 1: A51 / ASM51 Assembler
  C:\KEIL_V5\C51\LIB\C51L.LIB (?C?ULDIV)
         COMMENT TYPE 1: A51 / ASM51 Assembler
LX51 LINKER/LOCATER V4.66.41.0                                                        06/02/2016  19:11:52  PAGE 2




ACTIVE MEMORY CLASSES OF MODULE:  .\Objects\Motor (?C_STARTUP)

BASE        START       END         USED      MEMORY CLASS
==========================================================
C:000000H   C:000000H   C:00FFFFH   001486H   CODE
I:000000H   I:000000H   I:0000FFH   000001H   IDATA
X:000000H   X:000000H   X:00FFFFH   0000C1H   XDATA
I:000000H   I:000000H   I:00007FH   00000DH   DATA
I:000020H.0 I:000020H.0 I:00002FH.7 000001H.1 BIT


MEMORY MAP OF MODULE:  .\Objects\Motor (?C_STARTUP)


START     STOP      LENGTH    ALIGN  RELOC    MEMORY CLASS   SEGMENT NAME
=========================================================================

* * * * * * * * * * *   D A T A   M E M O R Y   * * * * * * * * * * * * *
000000H   000007H   000008H   ---    AT..     DATA           "REG BANK 0"
000008H   00000CH   000005H   BYTE   UNIT     DATA           _DATA_GROUP_
00000DH.0 00001FH.7 000013H.0 ---    ---      **GAP**
000020H.0 000021H.0 000001H.1 BIT    UNIT     BIT            _BIT_GROUP_
000021H.1 000021H   000000H.7 ---    ---      **GAP**
000022H   000022H   000001H   BYTE   UNIT     IDATA          ?STACK

* * * * * * * * * * *   C O D E   M E M O R Y   * * * * * * * * * * * * *
000000H   000002H   000003H   ---    OFFS..   CODE           ?CO??C_STARTUP?0
000003H   000032H   000030H   ---    ---      **GAP**
000033H   000035H   000003H   BYTE   OFFS..   CODE           ?MOTOR?00033
000036H   0007FFH   0007CAH   ---    ---      **GAP**
000800H   000F60H   000761H   BYTE   UNIT     CODE           ?C?LIB_CODE
000F61H   0013E3H   000483H   BYTE   UNIT     CODE           ?PR?PRINTF?PRINTF
0013E4H   001742H   00035FH   BYTE   UNIT     CODE           ?PR?MAIN?MOTOR
001743H   0017EFH   0000ADH   BYTE   UNIT     CODE           ?PR?AVG?MOTOR
0017F0H   00188AH   00009BH   BYTE   UNIT     CODE           ?PR?SAMPLEKEYPAD?PHYS340LIBKEIL
00188BH   001919H   00008FH   BYTE   UNIT     CODE           ?PR?MYINTHANDLER?MOTOR
00191AH   0019A5H   00008CH   BYTE   UNIT     CODE           ?C_C51STARTUP
0019A6H   001A1BH   000076H   BYTE   UNIT     CODE           ?PR?_READLINESERIAL?PHYS340LIBKEIL
001A1CH   001A77H   00005CH   BYTE   UNIT     CODE           ?PR?INITLCD?PHYS340LIBKEIL
001A78H   001ABBH   000044H   BYTE   UNIT     CODE           ?C?LDIV
001ABCH   001AF7H   00003CH   BYTE   UNIT     CODE           ?PR?_WRITELINELCD?PHYS340LIBKEIL
001AF8H   001B2DH   000036H   BYTE   UNIT     CODE           ?PR?_WRITECHARLCD?PHYS340LIBKEIL
001B2EH   001B60H   000033H   BYTE   UNIT     CODE           ?PR?_WRITELINESERIAL?PHYS340LIBKEIL
001B61H   001B92H   000032H   BYTE   UNIT     CODE           ?PR?_SETLCDPOS?PHYS340LIBKEIL
001B93H   001BBEH   00002CH   BYTE   UNIT     CODE           ?PR?SAMPLEADC?PHYS340LIBKEIL
001BBFH   001BE5H   000027H   BYTE   UNIT     CODE           ?PR?_INITSERIAL?PHYS340LIBKEIL
001BE6H   001C0CH   000027H   BYTE   UNIT     CODE           ?PR?PUTCHAR?PUTCHAR
001C0DH   001C29H   00001DH   BYTE   UNIT     CODE           ?PR?CLEARLCD?PHYS340LIBKEIL
001C2AH   001C45H   00001CH   BYTE   UNIT     CODE           ?CO?MOTOR
001C46H   001C5EH   000019H   BYTE   UNIT     CODE           ?PR?_DELAYA?PHYS340LIBKEIL
001C5FH   001C69H   00000BH   BYTE   UNIT     CODE           ?C_INITSEG
001C6AH   001C71H   000008H   BYTE   UNIT     CODE           ?PR?_WRITECHARSERIAL?PHYS340LIBKEIL
001C72H   001C79H   000008H   BYTE   UNIT     CODE           ?PR?READCHARSERIAL?PHYS340LIBKEIL
001C7AH   001C7FH   000006H   BYTE   UNIT     CODE           ?PR?GETLCDPOS?PHYS340LIBKEIL

* * * * * * * * * * *  X D A T A   M E M O R Y  * * * * * * * * * * * * *
000000H   000064H   000065H   BYTE   UNIT     XDATA          _XDATA_GROUP_
000065H   0000B4H   000050H   BYTE   UNIT     XDATA          ?XD?MOTOR
0000B5H   0000B9H   000005H   BYTE   UNIT     XDATA          ?XD?PHYS340LIBKEIL
0000BAH   0000BDH   000004H   BYTE   UNIT     XDATA          ?XD?_READLINESERIAL?PHYS340LIBKEIL
0000BEH   0000C0H   000003H   BYTE   UNIT     XDATA          ?XD?_WRITELINESERIAL?PHYS340LIBKEIL


LX51 LINKER/LOCATER V4.66.41.0                                                        06/02/2016  19:11:52  PAGE 3



OVERLAY MAP OF MODULE:   .\Objects\Motor (?C_STARTUP)


FUNCTION/MODULE                       BIT_GROUP   DATA_GROUP   XDATA_GROUP
--> CALLED FUNCTION/MODULE           START  STOP  START  STOP  START  STOP
==========================================================================
?C_C51STARTUP                        ----- -----  ----- -----  ----- -----
  +--> MAIN/MOTOR
  +--> ?C_INITSEG

MAIN/MOTOR                           ----- -----  ----- -----  0000H 0034H
  +--> INITLCD/PHYS340LIBKEIL
  +--> AVG/MOTOR
  +--> ?CO?MOTOR
  +--> PRINTF/PRINTF
  +--> _DELAYA/PHYS340LIBKEIL
  +--> CLEARLCD/PHYS340LIBKEIL
  +--> _WRITELINELCD/PHYS340LIBKEIL

INITLCD/PHYS340LIBKEIL               ----- -----  ----- -----  ----- -----
  +--> _DELAYA/PHYS340LIBKEIL

_DELAYA/PHYS340LIBKEIL               ----- -----  ----- -----  ----- -----

AVG/MOTOR                            ----- -----  ----- -----  0035H 003AH

?CO?MOTOR                            ----- -----  ----- -----  ----- -----

PRINTF/PRINTF                        20H.0 21H.0  0008H 000CH  0035H 0064H
  +--> PUTCHAR/PUTCHAR

PUTCHAR/PUTCHAR                      ----- -----  ----- -----  ----- -----

CLEARLCD/PHYS340LIBKEIL              ----- -----  ----- -----  ----- -----
  +--> _DELAYA/PHYS340LIBKEIL

_WRITELINELCD/PHYS340LIBKEIL         ----- -----  ----- -----  0035H 0037H
  +--> _WRITECHARLCD/PHYS340LIBKEIL

_WRITECHARLCD/PHYS340LIBKEIL         ----- -----  ----- -----  0038H 0038H
  +--> _SETLCDPOS/PHYS340LIBKEIL
  +--> _DELAYA/PHYS340LIBKEIL

_SETLCDPOS/PHYS340LIBKEIL            ----- -----  ----- -----  ----- -----
  +--> _DELAYA/PHYS340LIBKEIL

?C_INITSEG                           ----- -----  ----- -----  ----- -----

*** NEW ROOT ***********************

MYINTHANDLER/MOTOR                   ----- -----  ----- -----  ----- -----



PUBLIC SYMBOLS OF MODULE:  .\Objects\Motor (?C_STARTUP)


      VALUE       CLASS    TYPE      PUBLIC SYMBOL NAME
      =================================================
      02000035H   XDATA    ---       ?_PRINTF?BYTE
      02000035H   XDATA    ---       ?_SPRINTF?BYTE
      01000B55H   CODE     ---       ?C?CASTF
      01000E6DH   CODE     ---       ?C?CCASE
      01000DA1H   CODE     ---       ?C?CLDOPTR
LX51 LINKER/LOCATER V4.66.41.0                                                        06/02/2016  19:11:52  PAGE 4


      01000D88H   CODE     ---       ?C?CLDPTR
      00000000H   NUMBER   ---       ?C?CODESEG
      01000DE0H   CODE     ---       ?C?CSTOPTR
      01000DCEH   CODE     ---       ?C?CSTPTR
      01000B21H   CODE     ---       ?C?FCASTC
      01000B1CH   CODE     ---       ?C?FCASTI
      01000B17H   CODE     ---       ?C?FCASTL
      01000807H   CODE     ---       ?C?FPADD
      01000AA0H   CODE     ---       ?C?FPCMP
      01000A9EH   CODE     ---       ?C?FPCMP3
      01000C13H   CODE     ---       ?C?FPCONVERT
      01000A01H   CODE     ---       ?C?FPDIV
      01000B8CH   CODE     ---       ?C?FPGETOPN2
      010008F8H   CODE     ---       ?C?FPMUL
      01000BC1H   CODE     ---       ?C?FPNANRESULT
      01000BCBH   CODE     ---       ?C?FPOVERFLOW
      01000BA3H   CODE     ---       ?C?FPRESULT
      01000BB7H   CODE     ---       ?C?FPRESULT2
      01000BD6H   CODE     ---       ?C?FPROUND
      01000803H   CODE     ---       ?C?FPSUB
      01000BC8H   CODE     ---       ?C?FPUNDERFLOW
      01000D48H   CODE     ---       ?C?FTNPWR
      01000E02H   CODE     ---       ?C?LNEG
      01000E1CH   CODE     ---       ?C?LSTKXDATA
      01000E10H   CODE     ---       ?C?LSTXDATA
      01000E4DH   CODE     ---       ?C?PLDIXDATA
      01000E64H   CODE     ---       ?C?PSTXDATA
      01001A78H   CODE     ---       ?C?SLDIV
      01000ECFH   CODE     ---       ?C?ULDIV
      00000000H   NUMBER   ---       ?C?XDATASEG
      01001961H   CODE     ---       ?C_START
      01000000H   CODE     ---       ?C_STARTUP
      01001C4DH   CODE     ---       _delaya
      01001BBFH   CODE     ---       _initSerial
      01000FCCH   CODE     ---       _PRINTF
      01001BE6H   CODE     ---       _PUTCHAR
      010019A6H   CODE     ---       _readLineSerial
      01001B61H   CODE     ---       _setLCDPos
      01000FC6H   CODE     ---       _SPRINTF
      01001AF8H   CODE     ---       _writeCharLCD
      01001C6AH   CODE     ---       _writeCharSerial
      01001ABCH   CODE     ---       _writeLineLCD
      01001B2EH   CODE     ---       _writeLineSerial
*SFR* 000000A0H.2 DATA     BIT       A10
*SFR* 000000A0H.3 DATA     BIT       A11
*SFR* 000000A0H.4 DATA     BIT       A12
*SFR* 000000A0H.5 DATA     BIT       A13
*SFR* 000000A0H.6 DATA     BIT       A14
*SFR* 000000A0H.7 DATA     BIT       A15
*SFR* 000000A0H   DATA     BIT       A8
*SFR* 000000A0H.1 DATA     BIT       A9
*SFR* 000000D0H.6 DATA     BIT       AC
*SFR* 000000E0H   DATA     BYTE      ACC
*SFR* 000000E0H   DATA     BIT       ACC0
*SFR* 000000E0H.1 DATA     BIT       ACC1
*SFR* 000000E0H.2 DATA     BIT       ACC2
*SFR* 000000E0H.3 DATA     BIT       ACC3
*SFR* 000000E0H.4 DATA     BIT       ACC4
*SFR* 000000E0H.5 DATA     BIT       ACC5
*SFR* 000000E0H.6 DATA     BIT       ACC6
*SFR* 000000E0H.7 DATA     BIT       ACC7
*SFR* 00000080H   DATA     BIT       AD0
*SFR* 00000080H.1 DATA     BIT       AD1
*SFR* 00000080H.2 DATA     BIT       AD2
*SFR* 00000080H.3 DATA     BIT       AD3
LX51 LINKER/LOCATER V4.66.41.0                                                        06/02/2016  19:11:52  PAGE 5


*SFR* 00000080H.4 DATA     BIT       AD4
*SFR* 00000080H.5 DATA     BIT       AD5
*SFR* 00000080H.6 DATA     BIT       AD6
*SFR* 00000080H.7 DATA     BIT       AD7
*SFR* 000000F6H   DATA     BYTE      ADCF
*SFR* 000000F2H   DATA     BYTE      ADCLK
*SFR* 000000F3H   DATA     BYTE      ADCON
*SFR* 000000F5H   DATA     BYTE      ADDH
*SFR* 000000F4H   DATA     BYTE      ADDL
*SFR* 0000008EH   DATA     BYTE      AUXR
*SFR* 000000A2H   DATA     BYTE      AUXR1
      01001743H   CODE     ---       Avg
      02000075H   XDATA    ---       avgRPM
      02000097H   XDATA    ---       avgRPMcopy
*SFR* 000000F0H   DATA     BYTE      B
*SFR* 000000F0H   DATA     BIT       B0
*SFR* 000000F0H.1 DATA     BIT       B1
*SFR* 000000F0H.2 DATA     BIT       B2
*SFR* 000000F0H.3 DATA     BIT       B3
*SFR* 000000F0H.4 DATA     BIT       B4
*SFR* 000000F0H.5 DATA     BIT       B5
*SFR* 000000F0H.6 DATA     BIT       B6
*SFR* 000000F0H.7 DATA     BIT       B7
*SFR* 000000C8H.1 DATA     BIT       C_T2
*SFR* 000000FAH   DATA     BYTE      CCAP0H
*SFR* 000000EAH   DATA     BYTE      CCAP0L
*SFR* 000000FBH   DATA     BYTE      CCAP1H
*SFR* 000000EBH   DATA     BYTE      CCAP1L
*SFR* 000000FCH   DATA     BYTE      CCAP2H
*SFR* 000000ECH   DATA     BYTE      CCAP2L
*SFR* 000000FDH   DATA     BYTE      CCAP3H
*SFR* 000000EDH   DATA     BYTE      CCAP3L
*SFR* 000000FEH   DATA     BYTE      CCAP4H
*SFR* 000000EEH   DATA     BYTE      CCAP4L
*SFR* 000000DAH   DATA     BYTE      CCAPM0
*SFR* 000000DBH   DATA     BYTE      CCAPM1
*SFR* 000000DCH   DATA     BYTE      CCAPM2
*SFR* 000000DDH   DATA     BYTE      CCAPM3
*SFR* 000000DEH   DATA     BYTE      CCAPM4
*SFR* 000000D8H   DATA     BIT       CCF0
*SFR* 000000D8H.1 DATA     BIT       CCF1
*SFR* 000000D8H.2 DATA     BIT       CCF2
*SFR* 000000D8H.3 DATA     BIT       CCF3
*SFR* 000000D8H.4 DATA     BIT       CCF4
*SFR* 000000D8H   DATA     BYTE      CCON
*SFR* 00000090H.3 DATA     BIT       CEX0
*SFR* 00000090H.4 DATA     BIT       CEX1
*SFR* 00000090H.5 DATA     BIT       CEX2
*SFR* 00000090H.6 DATA     BIT       CEX3
*SFR* 00000090H.7 DATA     BIT       CEX4
*SFR* 000000D8H.7 DATA     BIT       CF
*SFR* 000000F9H   DATA     BYTE      CH
*SFR* 0000008FH   DATA     BYTE      CKCON
*SFR* 000000E9H   DATA     BYTE      CL
      01001C0DH   CODE     ---       clearLCD
*SFR* 000000D9H   DATA     BYTE      CMOD
*SFR* 000000C8H   DATA     BIT       CP_RL2
*SFR* 000000D8H.6 DATA     BIT       CR
      0200008DH   XDATA    INT       currenttime
*SFR* 000000D0H.7 DATA     BIT       CY
      02000065H   XDATA    FLOAT     DC
*SFR* 00000083H   DATA     BYTE      DPH
*SFR* 00000082H   DATA     BYTE      DPL
*SFR* 000000A8H.7 DATA     BIT       EA
*SFR* 000000E8H.1 DATA     BIT       EADC
LX51 LINKER/LOCATER V4.66.41.0                                                        06/02/2016  19:11:52  PAGE 6


*SFR* 000000A8H.6 DATA     BIT       EC
*SFR* 00000090H.2 DATA     BIT       ECI
*SFR* 000000D2H   DATA     BYTE      EECON
*SFR* 000000A8H.4 DATA     BIT       ES
*SFR* 000000A8H.1 DATA     BIT       ET0
*SFR* 000000A8H.3 DATA     BIT       ET1
*SFR* 000000A8H.5 DATA     BIT       ET2
*SFR* 000000A8H   DATA     BIT       EX0
*SFR* 000000A8H.2 DATA     BIT       EX1
*SFR* 000000C8H.3 DATA     BIT       EXEN2
*SFR* 000000C8H.6 DATA     BIT       EXF2
*SFR* 000000D0H.5 DATA     BIT       F0
*SFR* 000000D0H.1 DATA     BIT       F1
*SFR* 000000D1H   DATA     BYTE      FCON
*SFR* 00000098H.7 DATA     BIT       FE
      01001C7AH   CODE     ---       getLCDPos
      02000069H   XDATA    FLOAT     IC
*SFR* 00000088H.1 DATA     BIT       IE0
*SFR* 00000088H.3 DATA     BIT       IE1
*SFR* 000000A8H   DATA     BYTE      IEN0
*SFR* 000000E8H   DATA     BYTE      IEN1
      01001A1CH   CODE     ---       initLCD
*SFR* 000000B0H.2 DATA     BIT       INT0
*SFR* 000000B0H.3 DATA     BIT       INT1
*SFR* 000000B7H   DATA     BYTE      IPH0
*SFR* 000000F7H   DATA     BYTE      IPH1
*SFR* 000000B8H   DATA     BYTE      IPL0
*SFR* 000000F8H   DATA     BYTE      IPL1
*SFR* 00000088H   DATA     BIT       IT0
*SFR* 00000088H.2 DATA     BIT       IT1
      02000071H   XDATA    FLOAT     lastRPM
      02000095H   XDATA    INT       lasttime
      010013E4H   CODE     ---       main
*SFR* 000000C0H.4 DATA     BIT       MISO
*SFR* 000000C0H.2 DATA     BIT       MOSI
      0100188BH   CODE     ---       MyIntHandler
*SFR* 000000D0H.2 DATA     BIT       OV
*SFR* 000000D0H   DATA     BIT       P
*SFR* 00000080H   DATA     BYTE      P0
*SFR* 00000080H   DATA     BIT       P0_0
*SFR* 00000080H.1 DATA     BIT       P0_1
*SFR* 00000080H.2 DATA     BIT       P0_2
*SFR* 00000080H.3 DATA     BIT       P0_3
*SFR* 00000080H.4 DATA     BIT       P0_4
*SFR* 00000080H.5 DATA     BIT       P0_5
*SFR* 00000080H.6 DATA     BIT       P0_6
*SFR* 00000080H.7 DATA     BIT       P0_7
*SFR* 00000090H   DATA     BYTE      P1
*SFR* 00000090H   DATA     BIT       P1_0
*SFR* 00000090H.1 DATA     BIT       P1_1
*SFR* 00000090H.2 DATA     BIT       P1_2
*SFR* 00000090H.3 DATA     BIT       P1_3
*SFR* 00000090H.4 DATA     BIT       P1_4
*SFR* 00000090H.5 DATA     BIT       P1_5
*SFR* 00000090H.6 DATA     BIT       P1_6
*SFR* 00000090H.7 DATA     BIT       P1_7
*SFR* 000000A0H   DATA     BYTE      P2
*SFR* 000000A0H   DATA     BIT       P2_0
*SFR* 000000A0H.1 DATA     BIT       P2_1
*SFR* 000000A0H.2 DATA     BIT       P2_2
*SFR* 000000A0H.3 DATA     BIT       P2_3
*SFR* 000000A0H.4 DATA     BIT       P2_4
*SFR* 000000A0H.5 DATA     BIT       P2_5
*SFR* 000000A0H.6 DATA     BIT       P2_6
*SFR* 000000A0H.7 DATA     BIT       P2_7
LX51 LINKER/LOCATER V4.66.41.0                                                        06/02/2016  19:11:52  PAGE 7


*SFR* 000000B0H   DATA     BYTE      P3
*SFR* 000000B0H   DATA     BIT       P3_0
*SFR* 000000B0H.1 DATA     BIT       P3_1
*SFR* 000000B0H.2 DATA     BIT       P3_2
*SFR* 000000B0H.3 DATA     BIT       P3_3
*SFR* 000000B0H.4 DATA     BIT       P3_4
*SFR* 000000B0H.5 DATA     BIT       P3_5
*SFR* 000000B0H.6 DATA     BIT       P3_6
*SFR* 000000B0H.7 DATA     BIT       P3_7
*SFR* 000000C0H   DATA     BYTE      P4
*SFR* 000000C0H   DATA     BIT       P4_0
*SFR* 000000C0H.1 DATA     BIT       P4_1
*SFR* 000000C0H.2 DATA     BIT       P4_2
*SFR* 000000C0H.3 DATA     BIT       P4_3
*SFR* 000000C0H.4 DATA     BIT       P4_4
*SFR* 000000F8H.1 DATA     BIT       PADCL
      0200006DH   XDATA    FLOAT     PC
*SFR* 00000090H.5 DATA     BIT       PCAX2
*SFR* 00000087H   DATA     BYTE      PCON
      020000B9H   XDATA    BYTE      pos
*SFR* 000000B8H.6 DATA     BIT       PPC
*SFR* 000000B8H.4 DATA     BIT       PS
*SFR* 000000D0H   DATA     BYTE      PSW
*SFR* 000000B8H.1 DATA     BIT       PT0
*SFR* 000000B8H.3 DATA     BIT       PT1
*SFR* 000000B8H.5 DATA     BIT       PT2
*SFR* 000000B8H   DATA     BIT       PX0
*SFR* 000000B8H.2 DATA     BIT       PX1
*SFR* 00000098H.2 DATA     BIT       RB8
*SFR* 000000CBH   DATA     BYTE      RCAP2H
*SFR* 000000CAH   DATA     BYTE      RCAP2L
*SFR* 000000C8H.5 DATA     BIT       RCLK
*SFR* 000000B0H.7 DATA     BIT       RD
      01001C72H   CODE     ---       readCharSerial
*SFR* 00000098H.4 DATA     BIT       REN
*SFR* 00000098H   DATA     BIT       RI
      020000AFH   XDATA    FLOAT     RPM
*SFR* 000000D0H.3 DATA     BIT       RS0
*SFR* 000000D0H.4 DATA     BIT       RS1
*SFR* 000000B0H   DATA     BIT       RXD
*SFR* 000000A9H   DATA     BYTE      SADDR
*SFR* 000000B9H   DATA     BYTE      SADEN
      01001B93H   CODE     ---       sampleADC
      010017F0H   CODE     ---       sampleKeypad
      020000B3H   XDATA    INT       samples
*SFR* 00000099H   DATA     BYTE      SBUF
*SFR* 000000C0H.3 DATA     BIT       SCK
*SFR* 00000098H   DATA     BYTE      SCON
*SFR* 00000090H.4 DATA     BIT       SIX2
*SFR* 00000098H.7 DATA     BIT       SM0
*SFR* 00000098H.6 DATA     BIT       SM1
*SFR* 00000098H.5 DATA     BIT       SM2
*SFR* 00000081H   DATA     BYTE      SP
*SFR* 000000D4H   DATA     BYTE      SPCON
*SFR* 000000D6H   DATA     BYTE      SPDAT
*SFR* 000000D5H   DATA     BYTE      SPSCR
      0200008FH   XDATA    FLOAT     sum
*SFR* 000000B0H.4 DATA     BIT       T0
*SFR* 00000090H.1 DATA     BIT       T0X2
*SFR* 000000B0H.5 DATA     BIT       T1
*SFR* 00000090H.2 DATA     BIT       T1X2
*SFR* 00000090H   DATA     BIT       T2
*SFR* 000000C8H   DATA     BYTE      T2CON
*SFR* 00000090H.1 DATA     BIT       T2EX
*SFR* 000000C9H   DATA     BYTE      T2MOD
LX51 LINKER/LOCATER V4.66.41.0                                                        06/02/2016  19:11:52  PAGE 8


*SFR* 00000090H.3 DATA     BIT       T2X2
*SFR* 00000098H.3 DATA     BIT       TB8
*SFR* 000000C8H.4 DATA     BIT       TCLK
*SFR* 00000088H   DATA     BYTE      TCON
*SFR* 00000088H.5 DATA     BIT       TF0
*SFR* 00000088H.7 DATA     BIT       TF1
*SFR* 000000C8H.7 DATA     BIT       TF2
*SFR* 0000008CH   DATA     BYTE      TH0
*SFR* 0000008DH   DATA     BYTE      TH1
*SFR* 000000CDH   DATA     BYTE      TH2
*SFR* 00000098H.1 DATA     BIT       TI
      02000093H   XDATA    INT       timedif
*SFR* 0000008AH   DATA     BYTE      TL0
*SFR* 0000008BH   DATA     BYTE      TL1
*SFR* 000000CCH   DATA     BYTE      TL2
*SFR* 00000089H   DATA     BYTE      TMOD
*SFR* 00000088H.4 DATA     BIT       TR0
*SFR* 00000088H.6 DATA     BIT       TR1
*SFR* 000000C8H.2 DATA     BIT       TR2
*SFR* 000000B0H.1 DATA     BIT       TXD
*SFR* 000000A7H   DATA     BYTE      WDTPRG
*SFR* 000000A6H   DATA     BYTE      WDTRST
*SFR* 00000090H.6 DATA     BIT       WDX2
*SFR* 000000B0H.6 DATA     BIT       WR
*SFR* 00000090H   DATA     BIT       X2



SYMBOL TABLE OF MODULE:  .\Objects\Motor (?C_STARTUP)

      VALUE       REP       CLASS    TYPE      SYMBOL NAME
      ====================================================
      ---         MODULE    ---      ---       ?C_STARTUP
      01000000H   PUBLIC    CODE     ---       ?C_STARTUP
      000000E0H   SYMBOL    DATA     ---       ACC
      000000F0H   SYMBOL    DATA     ---       B
      00000083H   SYMBOL    DATA     ---       DPH
      00000082H   SYMBOL    DATA     ---       DPL
      00000000H   SYMBOL    NUMBER   ---       IBPSTACK
      00000100H   SYMBOL    NUMBER   ---       IBPSTACKTOP
      00000080H   SYMBOL    NUMBER   ---       IDATALEN
      0100191DH   SYMBOL    CODE     ---       IDATALOOP
      00000000H   SYMBOL    NUMBER   ---       PBPSTACK
      00000100H   SYMBOL    NUMBER   ---       PBPSTACKTOP
      00000000H   SYMBOL    NUMBER   ---       PDATALEN
      00000000H   SYMBOL    NUMBER   ---       PDATASTART
      00000000H   SYMBOL    NUMBER   ---       PPAGE
      00000000H   SYMBOL    NUMBER   ---       PPAGEENABLE
      000000A0H   SYMBOL    DATA     ---       PPAGE_SFR
      00000081H   SYMBOL    DATA     ---       SP
      0100191AH   SYMBOL    CODE     ---       STARTUP1
      00000000H   SYMBOL    NUMBER   ---       XBPSTACK
      00000000H   SYMBOL    NUMBER   ---       XBPSTACKTOP
      00000000H   SYMBOL    NUMBER   ---       XDATALEN
      00000000H   SYMBOL    NUMBER   ---       XDATASTART
      01000000H   LINE      CODE     ---       #126
      0100191AH   LINE      CODE     ---       #133
      0100191CH   LINE      CODE     ---       #134
      0100191DH   LINE      CODE     ---       #135
      0100191EH   LINE      CODE     ---       #136
      01001920H   LINE      CODE     ---       #185
      01001923H   LINE      CODE     ---       #196

      ---         MODULE    ---      ---       PHYS340LIBKEIL
      020000B9H   PUBLIC    XDATA    BYTE      POS
LX51 LINKER/LOCATER V4.66.41.0                                                        06/02/2016  19:11:52  PAGE 9


      010019A6H   PUBLIC    CODE     ---       _READLINESERIAL
      01001C72H   PUBLIC    CODE     ---       READCHARSERIAL
      01001B2EH   PUBLIC    CODE     ---       _WRITELINESERIAL
      01001C6AH   PUBLIC    CODE     ---       _WRITECHARSERIAL
      01001BBFH   PUBLIC    CODE     ---       _INITSERIAL
      01001B93H   PUBLIC    CODE     ---       SAMPLEADC
      010017F0H   PUBLIC    CODE     ---       SAMPLEKEYPAD
      01001B61H   PUBLIC    CODE     ---       _SETLCDPOS
      01001C7AH   PUBLIC    CODE     ---       GETLCDPOS
      01001C0DH   PUBLIC    CODE     ---       CLEARLCD
      01001ABCH   PUBLIC    CODE     ---       _WRITELINELCD
      01001AF8H   PUBLIC    CODE     ---       _WRITECHARLCD
      01001A1CH   PUBLIC    CODE     ---       INITLCD
      01001C4DH   PUBLIC    CODE     ---       _DELAYA
      00000000H   SYMBOL    CODE     WORD      _ICE_DUMMY_
      01001C46H   SYMBOL    CODE     NEAR LAB  L?0060
      01001C48H   SYMBOL    CODE     NEAR LAB  L?0061
      01001C46H   BLOCK     ---      ---       LVL=1
      ---         BLOCKEND  ---      ---       LVL=0
      01001C46H   SYMBOL    CODE     NEAR LAB  L?0060
      01001C48H   SYMBOL    CODE     NEAR LAB  L?0061
      01001C4DH   BLOCK     ---      ---       LVL=1
      00000006H   SYMBOL    DATA     WORD      time
      01001C4DH   BLOCK     ---      ---       LVL=2
      00000004H   SYMBOL    DATA     WORD      i
      ---         BLOCKEND  ---      ---       LVL=1
      01001C4DH   LINE      CODE     ---       #22
      01001C4DH   LINE      CODE     ---       #23
      01001C4DH   LINE      CODE     ---       #25
      01001C5EH   LINE      CODE     ---       #26
      ---         BLOCKEND  ---      ---       LVL=0
      01001A1CH   BLOCK     ---      ---       LVL=1
      01001A1CH   LINE      CODE     ---       #34
      01001A1CH   LINE      CODE     ---       #35
      01001A1CH   LINE      CODE     ---       #36
      01001A1EH   LINE      CODE     ---       #37
      01001A20H   LINE      CODE     ---       #38
      01001A23H   LINE      CODE     ---       #39
      01001A34H   LINE      CODE     ---       #40
      01001A44H   LINE      CODE     ---       #41
      01001A54H   LINE      CODE     ---       #43
      01001A57H   LINE      CODE     ---       #44
      01001A5AH   LINE      CODE     ---       #45
      01001A5DH   LINE      CODE     ---       #46
      01001A60H   LINE      CODE     ---       #47
      01001A63H   LINE      CODE     ---       #48
      01001A66H   LINE      CODE     ---       #49
      01001A69H   LINE      CODE     ---       #50
      01001A6CH   LINE      CODE     ---       #51
      01001A6FH   LINE      CODE     ---       #52
      01001A72H   LINE      CODE     ---       #53
      01001A77H   LINE      CODE     ---       #54
      ---         BLOCKEND  ---      ---       LVL=0
      01001AF8H   BLOCK     ---      ---       LVL=1
      02000038H   SYMBOL    XDATA    CHAR      c
      01001AF8H   LINE      CODE     ---       #56
      01001AFDH   LINE      CODE     ---       #57
      01001AFDH   LINE      CODE     ---       #59
      01001B04H   LINE      CODE     ---       #60
      01001B04H   LINE      CODE     ---       #61
      01001B06H   LINE      CODE     ---       #62
      01001B08H   LINE      CODE     ---       #63
      01001B0FH   LINE      CODE     ---       #64
      01001B0FH   LINE      CODE     ---       #65
      01001B14H   LINE      CODE     ---       #66
LX51 LINKER/LOCATER V4.66.41.0                                                        06/02/2016  19:11:52  PAGE 10


      01001B14H   LINE      CODE     ---       #67
      01001B16H   LINE      CODE     ---       #68
      01001B18H   LINE      CODE     ---       #69
      01001B1EH   LINE      CODE     ---       #70
      01001B27H   LINE      CODE     ---       #71
      01001B2DH   LINE      CODE     ---       #72
      ---         BLOCKEND  ---      ---       LVL=0
      01001ABCH   BLOCK     ---      ---       LVL=1
      02000035H   SYMBOL    XDATA    ---       s
      01001AC7H   BLOCK     ---      ---       LVL=2
      020000B5H   SYMBOL    XDATA    BYTE      i
      ---         BLOCKEND  ---      ---       LVL=1
      01001ABCH   LINE      CODE     ---       #75
      01001AC7H   LINE      CODE     ---       #76
      01001AC7H   LINE      CODE     ---       #78
      01001AD6H   LINE      CODE     ---       #79
      01001AD6H   LINE      CODE     ---       #80
      01001AECH   LINE      CODE     ---       #81
      01001AECH   LINE      CODE     ---       #82
      01001AEFH   LINE      CODE     ---       #83
      01001AF7H   LINE      CODE     ---       #84
      ---         BLOCKEND  ---      ---       LVL=0
      01001C0DH   BLOCK     ---      ---       LVL=1
      01001C0DH   LINE      CODE     ---       #86
      01001C0DH   LINE      CODE     ---       #87
      01001C0DH   LINE      CODE     ---       #88
      01001C0FH   LINE      CODE     ---       #89
      01001C11H   LINE      CODE     ---       #90
      01001C14H   LINE      CODE     ---       #91
      01001C24H   LINE      CODE     ---       #92
      01001C29H   LINE      CODE     ---       #93
      ---         BLOCKEND  ---      ---       LVL=0
      01001C7AH   BLOCK     ---      ---       LVL=1
      01001C7AH   LINE      CODE     ---       #95
      01001C7AH   LINE      CODE     ---       #96
      01001C7AH   LINE      CODE     ---       #97
      01001C7FH   LINE      CODE     ---       #98
      ---         BLOCKEND  ---      ---       LVL=0
      01001B61H   BLOCK     ---      ---       LVL=1
      00000007H   SYMBOL    DATA     BYTE      p
      01001B61H   LINE      CODE     ---       #101
      01001B61H   LINE      CODE     ---       #102
      01001B61H   LINE      CODE     ---       #103
      01001B6AH   LINE      CODE     ---       #104
      01001B6AH   LINE      CODE     ---       #105
      01001B6CH   LINE      CODE     ---       #106
      01001B71H   LINE      CODE     ---       #107
      01001B71H   LINE      CODE     ---       #108
      01001B74H   LINE      CODE     ---       #109
      01001B74H   LINE      CODE     ---       #110
      01001B74H   LINE      CODE     ---       #111
      01001B74H   LINE      CODE     ---       #112
      01001B76H   LINE      CODE     ---       #114
      01001B76H   LINE      CODE     ---       #115
      01001B7EH   LINE      CODE     ---       #116
      01001B80H   LINE      CODE     ---       #117
      01001B82H   LINE      CODE     ---       #118
      01001B92H   LINE      CODE     ---       #119
      01001B92H   LINE      CODE     ---       #120
      01001B92H   LINE      CODE     ---       #121
      ---         BLOCKEND  ---      ---       LVL=0
      010017F0H   BLOCK     ---      ---       LVL=1
      010017F0H   BLOCK     ---      ---       LVL=2
      020000B6H   SYMBOL    XDATA    BYTE      Key
      ---         BLOCKEND  ---      ---       LVL=1
LX51 LINKER/LOCATER V4.66.41.0                                                        06/02/2016  19:11:52  PAGE 11


      010017F0H   LINE      CODE     ---       #128
      010017F0H   LINE      CODE     ---       #129
      010017F0H   LINE      CODE     ---       #133
      010017FFH   LINE      CODE     ---       #135
      01001801H   LINE      CODE     ---       #136
      01001803H   LINE      CODE     ---       #137
      01001805H   LINE      CODE     ---       #138
      01001807H   LINE      CODE     ---       #139
      0100180DH   LINE      CODE     ---       #141
      0100180FH   LINE      CODE     ---       #142
      01001815H   LINE      CODE     ---       #143
      0100181EH   LINE      CODE     ---       #144
      01001827H   LINE      CODE     ---       #145
      01001829H   LINE      CODE     ---       #147
      0100182BH   LINE      CODE     ---       #148
      01001834H   LINE      CODE     ---       #149
      0100183DH   LINE      CODE     ---       #150
      01001846H   LINE      CODE     ---       #151
      01001848H   LINE      CODE     ---       #153
      0100184AH   LINE      CODE     ---       #154
      01001853H   LINE      CODE     ---       #155
      0100185CH   LINE      CODE     ---       #156
      01001865H   LINE      CODE     ---       #157
      01001867H   LINE      CODE     ---       #159
      01001869H   LINE      CODE     ---       #160
      01001872H   LINE      CODE     ---       #161
      0100187AH   LINE      CODE     ---       #162
      01001883H   LINE      CODE     ---       #163
      01001885H   LINE      CODE     ---       #165
      0100188AH   LINE      CODE     ---       #166
      ---         BLOCKEND  ---      ---       LVL=0
      01001B93H   BLOCK     ---      ---       LVL=1
      01001B93H   BLOCK     ---      ---       LVL=2
      020000B7H   SYMBOL    XDATA    INT       sample
      ---         BLOCKEND  ---      ---       LVL=1
      01001B93H   LINE      CODE     ---       #174
      01001B93H   LINE      CODE     ---       #175
      01001B93H   LINE      CODE     ---       #177
      01001B96H   LINE      CODE     ---       #178
      01001B99H   LINE      CODE     ---       #179
      01001B9CH   LINE      CODE     ---       #180
      01001B9CH   LINE      CODE     ---       #181
      01001B9FH   LINE      CODE     ---       #182
      01001BB6H   LINE      CODE     ---       #183
      01001BBEH   LINE      CODE     ---       #184
      ---         BLOCKEND  ---      ---       LVL=0
      01001BBFH   BLOCK     ---      ---       LVL=1
      00000006H   SYMBOL    DATA     WORD      baud
      01001BBFH   LINE      CODE     ---       #190
      01001BBFH   LINE      CODE     ---       #191
      01001BBFH   LINE      CODE     ---       #192
      01001BC5H   LINE      CODE     ---       #193
      01001BC7H   LINE      CODE     ---       #194
      01001BC9H   LINE      CODE     ---       #195
      01001BCCH   LINE      CODE     ---       #201
      01001BDCH   LINE      CODE     ---       #202
      01001BE1H   LINE      CODE     ---       #204
      01001BE3H   LINE      CODE     ---       #205
      01001BE5H   LINE      CODE     ---       #206
      ---         BLOCKEND  ---      ---       LVL=0
      01001C6AH   BLOCK     ---      ---       LVL=1
      00000007H   SYMBOL    DATA     CHAR      c
      01001C6AH   LINE      CODE     ---       #210
      01001C6AH   LINE      CODE     ---       #211
      01001C6AH   LINE      CODE     ---       #212
LX51 LINKER/LOCATER V4.66.41.0                                                        06/02/2016  19:11:52  PAGE 12


      01001C6CH   LINE      CODE     ---       #213
      01001C6FH   LINE      CODE     ---       #215
      01001C71H   LINE      CODE     ---       #216
      ---         BLOCKEND  ---      ---       LVL=0
      01001B2EH   BLOCK     ---      ---       LVL=1
      020000BEH   SYMBOL    XDATA    ---       s
      01001B39H   BLOCK     ---      ---       LVL=2
      00000006H   SYMBOL    DATA     BYTE      i
      ---         BLOCKEND  ---      ---       LVL=1
      01001B2EH   LINE      CODE     ---       #219
      01001B39H   LINE      CODE     ---       #220
      01001B39H   LINE      CODE     ---       #221
      01001B3BH   LINE      CODE     ---       #222
      01001B51H   LINE      CODE     ---       #223
      01001B51H   LINE      CODE     ---       #224
      01001B54H   LINE      CODE     ---       #225
      01001B55H   LINE      CODE     ---       #226
      01001B57H   LINE      CODE     ---       #227
      01001B5CH   LINE      CODE     ---       #228
      ---         BLOCKEND  ---      ---       LVL=0
      01001C72H   BLOCK     ---      ---       LVL=1
      01001C72H   BLOCK     ---      ---       LVL=2
      00000007H   SYMBOL    DATA     CHAR      Character
      ---         BLOCKEND  ---      ---       LVL=1
      01001C72H   LINE      CODE     ---       #232
      01001C72H   LINE      CODE     ---       #233
      01001C72H   LINE      CODE     ---       #235
      01001C75H   LINE      CODE     ---       #237
      01001C77H   LINE      CODE     ---       #238
      01001C79H   LINE      CODE     ---       #239
      01001C79H   LINE      CODE     ---       #240
      ---         BLOCKEND  ---      ---       LVL=0
      010019A6H   BLOCK     ---      ---       LVL=1
      020000BAH   SYMBOL    XDATA    ---       s
      00000004H   SYMBOL    DATA     INT       max
      010019B1H   BLOCK     ---      ---       LVL=2
      020000BDH   SYMBOL    XDATA    BYTE      i
      00000007H   SYMBOL    DATA     CHAR      Character
      ---         BLOCKEND  ---      ---       LVL=1
      010019A6H   LINE      CODE     ---       #245
      010019B1H   LINE      CODE     ---       #246
      010019B1H   LINE      CODE     ---       #247
      010019B4H   LINE      CODE     ---       #250
      010019C3H   LINE      CODE     ---       #251
      010019C3H   LINE      CODE     ---       #252
      010019C6H   LINE      CODE     ---       #253
      010019CFH   LINE      CODE     ---       #254
      010019CFH   LINE      CODE     ---       #255
      010019E5H   LINE      CODE     ---       #256
      010019E7H   LINE      CODE     ---       #257
      010019E7H   LINE      CODE     ---       #259
      010019E7H   LINE      CODE     ---       #260
      010019FDH   LINE      CODE     ---       #261
      010019FDH   LINE      CODE     ---       #262
      01001A03H   LINE      CODE     ---       #263
      01001A05H   LINE      CODE     ---       #264
      ---         BLOCKEND  ---      ---       LVL=0

      ---         MODULE    ---      ---       MOTOR
      020000B3H   PUBLIC    XDATA    INT       samples
      020000AFH   PUBLIC    XDATA    FLOAT     RPM
      02000097H   PUBLIC    XDATA    ---       avgRPMcopy
      02000095H   PUBLIC    XDATA    INT       lasttime
      02000093H   PUBLIC    XDATA    INT       timedif
      0200008FH   PUBLIC    XDATA    FLOAT     sum
LX51 LINKER/LOCATER V4.66.41.0                                                        06/02/2016  19:11:52  PAGE 13


      0200008DH   PUBLIC    XDATA    INT       currenttime
      02000075H   PUBLIC    XDATA    ---       avgRPM
      02000071H   PUBLIC    XDATA    FLOAT     lastRPM
      0200006DH   PUBLIC    XDATA    FLOAT     PC
      02000069H   PUBLIC    XDATA    FLOAT     IC
      02000065H   PUBLIC    XDATA    FLOAT     DC
      010013E4H   PUBLIC    CODE     ---       main
      01001743H   PUBLIC    CODE     ---       Avg
      0100188BH   PUBLIC    CODE     ---       MyIntHandler
      000000D8H.2 SFRSYM    DATA     BIT       CCF2
      000000E0H.7 SFRSYM    DATA     BIT       ACC7
      000000D8H.3 SFRSYM    DATA     BIT       CCF3
      00000080H   SFRSYM    DATA     BYTE      P0
      000000D8H.4 SFRSYM    DATA     BIT       CCF4
      00000090H   SFRSYM    DATA     BYTE      P1
      000000A0H   SFRSYM    DATA     BYTE      P2
      000000B0H   SFRSYM    DATA     BYTE      P3
      000000D0H.6 SFRSYM    DATA     BIT       AC
      000000C0H   SFRSYM    DATA     BYTE      P4
      000000B0H.4 SFRSYM    DATA     BIT       T0
      000000D4H   SFRSYM    DATA     BYTE      SPCON
      000000B0H.5 SFRSYM    DATA     BIT       T1
      000000A8H.7 SFRSYM    DATA     BIT       EA
      00000090H   SFRSYM    DATA     BIT       T2
      000000A8H.6 SFRSYM    DATA     BIT       EC
      000000D8H.7 SFRSYM    DATA     BIT       CF
      00000090H   SFRSYM    DATA     BIT       X2
      000000F9H   SFRSYM    DATA     BYTE      CH
      00000098H.7 SFRSYM    DATA     BIT       FE
      000000D5H   SFRSYM    DATA     BYTE      SPSCR
      000000A8H   SFRSYM    DATA     BYTE      IEN0
      000000E8H.1 SFRSYM    DATA     BIT       EADC
      000000E8H   SFRSYM    DATA     BYTE      IEN1
      000000E9H   SFRSYM    DATA     BYTE      CL
      000000F6H   SFRSYM    DATA     BYTE      ADCF
      00000090H.1 SFRSYM    DATA     BIT       T0X2
      00000090H.2 SFRSYM    DATA     BIT       T1X2
      00000080H   SFRSYM    DATA     BIT       P0_0
      000000FAH   SFRSYM    DATA     BYTE      CCAP0H
      00000090H.3 SFRSYM    DATA     BIT       T2X2
      00000090H.3 SFRSYM    DATA     BIT       CEX0
      00000090H   SFRSYM    DATA     BIT       P1_0
      00000080H.1 SFRSYM    DATA     BIT       P0_1
      000000FBH   SFRSYM    DATA     BYTE      CCAP1H
      000000B7H   SFRSYM    DATA     BYTE      IPH0
      000000F5H   SFRSYM    DATA     BYTE      ADDH
      000000A0H   SFRSYM    DATA     BIT       P2_0
      00000090H.4 SFRSYM    DATA     BIT       CEX1
      00000090H.1 SFRSYM    DATA     BIT       P1_1
      00000080H.2 SFRSYM    DATA     BIT       P0_2
      000000FCH   SFRSYM    DATA     BYTE      CCAP2H
      000000F7H   SFRSYM    DATA     BYTE      IPH1
      000000B0H   SFRSYM    DATA     BIT       P3_0
      000000A0H.1 SFRSYM    DATA     BIT       P2_1
      00000090H.5 SFRSYM    DATA     BIT       CEX2
      00000090H.2 SFRSYM    DATA     BIT       P1_2
      00000080H.3 SFRSYM    DATA     BIT       P0_3
      000000FDH   SFRSYM    DATA     BYTE      CCAP3H
      000000C0H   SFRSYM    DATA     BIT       P4_0
      000000B0H.1 SFRSYM    DATA     BIT       P3_1
      000000A0H.2 SFRSYM    DATA     BIT       P2_2
      00000090H.6 SFRSYM    DATA     BIT       CEX3
      00000090H.3 SFRSYM    DATA     BIT       P1_3
      00000080H.4 SFRSYM    DATA     BIT       P0_4
      000000FEH   SFRSYM    DATA     BYTE      CCAP4H
LX51 LINKER/LOCATER V4.66.41.0                                                        06/02/2016  19:11:52  PAGE 14


      000000EAH   SFRSYM    DATA     BYTE      CCAP0L
      000000D8H.6 SFRSYM    DATA     BIT       CR
      000000C0H.1 SFRSYM    DATA     BIT       P4_1
      000000B0H.2 SFRSYM    DATA     BIT       P3_2
      000000A0H.3 SFRSYM    DATA     BIT       P2_3
      00000090H.7 SFRSYM    DATA     BIT       CEX4
      00000090H.4 SFRSYM    DATA     BIT       P1_4
      00000080H.5 SFRSYM    DATA     BIT       P0_5
      000000EBH   SFRSYM    DATA     BYTE      CCAP1L
      000000DAH   SFRSYM    DATA     BYTE      CCAPM0
      000000B8H   SFRSYM    DATA     BYTE      IPL0
      000000F4H   SFRSYM    DATA     BYTE      ADDL
      000000C8H.6 SFRSYM    DATA     BIT       EXF2
      000000C0H.2 SFRSYM    DATA     BIT       P4_2
      000000B0H.7 SFRSYM    DATA     BIT       RD
      000000B0H.3 SFRSYM    DATA     BIT       P3_3
      000000A0H.4 SFRSYM    DATA     BIT       P2_4
      00000090H.5 SFRSYM    DATA     BIT       P1_5
      00000080H.6 SFRSYM    DATA     BIT       P0_6
      000000ECH   SFRSYM    DATA     BYTE      CCAP2L
      000000DBH   SFRSYM    DATA     BYTE      CCAPM1
      000000F8H   SFRSYM    DATA     BYTE      IPL1
      000000C0H.3 SFRSYM    DATA     BIT       P4_3
      000000B0H.4 SFRSYM    DATA     BIT       P3_4
      000000A0H.5 SFRSYM    DATA     BIT       P2_5
      00000090H.6 SFRSYM    DATA     BIT       P1_6
      00000080H.7 SFRSYM    DATA     BIT       P0_7
      000000EDH   SFRSYM    DATA     BYTE      CCAP3L
      000000DCH   SFRSYM    DATA     BYTE      CCAPM2
      000000A8H.4 SFRSYM    DATA     BIT       ES
      000000C0H.4 SFRSYM    DATA     BIT       P4_4
      000000B0H.5 SFRSYM    DATA     BIT       P3_5
      000000A0H.6 SFRSYM    DATA     BIT       P2_6
      00000090H.7 SFRSYM    DATA     BIT       P1_7
      000000EEH   SFRSYM    DATA     BYTE      CCAP4L
      000000DDH   SFRSYM    DATA     BYTE      CCAPM3
      000000B0H.6 SFRSYM    DATA     BIT       P3_6
      000000A0H.7 SFRSYM    DATA     BIT       P2_7
      000000DEH   SFRSYM    DATA     BYTE      CCAPM4
      000000B0H.7 SFRSYM    DATA     BIT       P3_7
      00000098H   SFRSYM    DATA     BIT       RI
      000000D0H.7 SFRSYM    DATA     BIT       CY
      000000B0H.2 SFRSYM    DATA     BIT       INT0
      00000098H.1 SFRSYM    DATA     BIT       TI
      000000B0H.3 SFRSYM    DATA     BIT       INT1
      000000CBH   SFRSYM    DATA     BYTE      RCAP2H
      000000A0H.2 SFRSYM    DATA     BIT       A10
      000000B8H.4 SFRSYM    DATA     BIT       PS
      00000081H   SFRSYM    DATA     BYTE      SP
      000000A0H.3 SFRSYM    DATA     BIT       A11
      000000D9H   SFRSYM    DATA     BYTE      CMOD
      000000D8H   SFRSYM    DATA     BYTE      CCON
      000000A0H.4 SFRSYM    DATA     BIT       A12
      00000090H.1 SFRSYM    DATA     BIT       T2EX
      000000D0H.2 SFRSYM    DATA     BIT       OV
      000000A0H.5 SFRSYM    DATA     BIT       A13
      000000CAH   SFRSYM    DATA     BYTE      RCAP2L
      00000090H.6 SFRSYM    DATA     BIT       WDX2
      000000A0H.6 SFRSYM    DATA     BIT       A14
      000000D1H   SFRSYM    DATA     BYTE      FCON
      00000090H.4 SFRSYM    DATA     BIT       SIX2
      000000A0H.7 SFRSYM    DATA     BIT       A15
      000000C8H.1 SFRSYM    DATA     BIT       C_T2
      000000B0H.6 SFRSYM    DATA     BIT       WR
      000000C8H.5 SFRSYM    DATA     BIT       RCLK
LX51 LINKER/LOCATER V4.66.41.0                                                        06/02/2016  19:11:52  PAGE 15


      000000C8H.4 SFRSYM    DATA     BIT       TCLK
      00000099H   SFRSYM    DATA     BYTE      SBUF
      00000087H   SFRSYM    DATA     BYTE      PCON
      00000098H   SFRSYM    DATA     BYTE      SCON
      00000089H   SFRSYM    DATA     BYTE      TMOD
      00000088H   SFRSYM    DATA     BYTE      TCON
      00000080H   SFRSYM    DATA     BIT       AD0
      00000080H.1 SFRSYM    DATA     BIT       AD1
      00000080H.2 SFRSYM    DATA     BIT       AD2
      00000080H.3 SFRSYM    DATA     BIT       AD3
      000000C0H.2 SFRSYM    DATA     BIT       MOSI
      000000C0H.4 SFRSYM    DATA     BIT       MISO
      00000080H.4 SFRSYM    DATA     BIT       AD4
      00000080H.5 SFRSYM    DATA     BIT       AD5
      00000080H.6 SFRSYM    DATA     BIT       AD6
      00000080H.7 SFRSYM    DATA     BIT       AD7
      00000088H.1 SFRSYM    DATA     BIT       IE0
      00000088H.3 SFRSYM    DATA     BIT       IE1
      0000008EH   SFRSYM    DATA     BYTE      AUXR
      000000F0H   SFRSYM    DATA     BYTE      B
      000000C8H   SFRSYM    DATA     BIT       CP_RL2
      000000E0H   SFRSYM    DATA     BYTE      ACC
      000000A8H.1 SFRSYM    DATA     BIT       ET0
      000000A8H.3 SFRSYM    DATA     BIT       ET1
      00000088H.5 SFRSYM    DATA     BIT       TF0
      000000A8H.5 SFRSYM    DATA     BIT       ET2
      00000088H.7 SFRSYM    DATA     BIT       TF1
      00000098H.2 SFRSYM    DATA     BIT       RB8
      0000008CH   SFRSYM    DATA     BYTE      TH0
      000000C8H.7 SFRSYM    DATA     BIT       TF2
      000000A8H   SFRSYM    DATA     BIT       EX0
      0000008DH   SFRSYM    DATA     BYTE      TH1
      00000088H   SFRSYM    DATA     BIT       IT0
      000000A8H.2 SFRSYM    DATA     BIT       EX1
      00000098H.3 SFRSYM    DATA     BIT       TB8
      000000CDH   SFRSYM    DATA     BYTE      TH2
      00000088H.2 SFRSYM    DATA     BIT       IT1
      000000D0H   SFRSYM    DATA     BIT       P
      00000098H.7 SFRSYM    DATA     BIT       SM0
      0000008AH   SFRSYM    DATA     BYTE      TL0
      00000098H.6 SFRSYM    DATA     BIT       SM1
      0000008BH   SFRSYM    DATA     BYTE      TL1
      00000090H.2 SFRSYM    DATA     BIT       ECI
      00000098H.5 SFRSYM    DATA     BIT       SM2
      000000CCH   SFRSYM    DATA     BYTE      TL2
      000000B8H.1 SFRSYM    DATA     BIT       PT0
      000000B8H.3 SFRSYM    DATA     BIT       PT1
      000000D0H.3 SFRSYM    DATA     BIT       RS0
      000000B8H.5 SFRSYM    DATA     BIT       PT2
      00000088H.4 SFRSYM    DATA     BIT       TR0
      000000D0H.4 SFRSYM    DATA     BIT       RS1
      00000088H.6 SFRSYM    DATA     BIT       TR1
      000000B8H   SFRSYM    DATA     BIT       PX0
      000000C8H.2 SFRSYM    DATA     BIT       TR2
      000000B8H.2 SFRSYM    DATA     BIT       PX1
      000000A7H   SFRSYM    DATA     BYTE      WDTPRG
      00000083H   SFRSYM    DATA     BYTE      DPH
      00000090H.5 SFRSYM    DATA     BIT       PCAX2
      000000F2H   SFRSYM    DATA     BYTE      ADCLK
      00000082H   SFRSYM    DATA     BYTE      DPL
      000000C0H.3 SFRSYM    DATA     BIT       SCK
      000000B8H.6 SFRSYM    DATA     BIT       PPC
      000000C8H.3 SFRSYM    DATA     BIT       EXEN2
      000000F8H.1 SFRSYM    DATA     BIT       PADCL
      00000098H.4 SFRSYM    DATA     BIT       REN
LX51 LINKER/LOCATER V4.66.41.0                                                        06/02/2016  19:11:52  PAGE 16


      000000F3H   SFRSYM    DATA     BYTE      ADCON
      000000C9H   SFRSYM    DATA     BYTE      T2MOD
      000000C8H   SFRSYM    DATA     BYTE      T2CON
      000000A6H   SFRSYM    DATA     BYTE      WDTRST
      000000D2H   SFRSYM    DATA     BYTE      EECON
      000000B9H   SFRSYM    DATA     BYTE      SADEN
      000000B0H   SFRSYM    DATA     BIT       RXD
      000000A9H   SFRSYM    DATA     BYTE      SADDR
      0000008FH   SFRSYM    DATA     BYTE      CKCON
      000000B0H.1 SFRSYM    DATA     BIT       TXD
      000000F0H   SFRSYM    DATA     BIT       B0
      000000A2H   SFRSYM    DATA     BYTE      AUXR1
      000000F0H.1 SFRSYM    DATA     BIT       B1
      000000F0H.2 SFRSYM    DATA     BIT       B2
      000000F0H.3 SFRSYM    DATA     BIT       B3
      000000F0H.4 SFRSYM    DATA     BIT       B4
      000000D0H.5 SFRSYM    DATA     BIT       F0
      000000F0H.5 SFRSYM    DATA     BIT       B5
      000000D0H.1 SFRSYM    DATA     BIT       F1
      000000F0H.6 SFRSYM    DATA     BIT       B6
      000000E0H   SFRSYM    DATA     BIT       ACC0
      000000F0H.7 SFRSYM    DATA     BIT       B7
      000000E0H.1 SFRSYM    DATA     BIT       ACC1
      000000A0H   SFRSYM    DATA     BIT       A8
      000000E0H.2 SFRSYM    DATA     BIT       ACC2
      000000A0H.1 SFRSYM    DATA     BIT       A9
      000000E0H.3 SFRSYM    DATA     BIT       ACC3
      000000D0H   SFRSYM    DATA     BYTE      PSW
      000000E0H.4 SFRSYM    DATA     BIT       ACC4
      000000D8H   SFRSYM    DATA     BIT       CCF0
      000000E0H.5 SFRSYM    DATA     BIT       ACC5
      000000D8H.1 SFRSYM    DATA     BIT       CCF1
      000000D6H   SFRSYM    DATA     BYTE      SPDAT
      000000E0H.6 SFRSYM    DATA     BIT       ACC6

      0100188BH   BLOCK     CODE     ---       LVL=0
      0100188BH   LINE      CODE     ---       #31
      010018A0H   LINE      CODE     ---       #34
      010018A3H   LINE      CODE     ---       #35
      010018ADH   LINE      CODE     ---       #36
      010018B6H   LINE      CODE     ---       #37
      010018C3H   LINE      CODE     ---       #38
      010018DFH   LINE      CODE     ---       #39
      010018DFH   LINE      CODE     ---       #40
      010018E1H   LINE      CODE     ---       #41
      010018F6H   LINE      CODE     ---       #42
      010018F6H   LINE      CODE     ---       #46
      01001905H   LINE      CODE     ---       #47
      01001907H   LINE      CODE     ---       #48
      01001907H   LINE      CODE     ---       #49
      ---         BLOCKEND  ---      ---       LVL=0

      01001743H   BLOCK     CODE     ---       LVL=0
      01001743H   BLOCK     CODE     NEAR LAB  LVL=1
      02000035H   SYMBOL    XDATA    INT       i
      02000037H   SYMBOL    XDATA    FLOAT     avg
      ---         BLOCKEND  ---      ---       LVL=1
      01001743H   LINE      CODE     ---       #51
      01001743H   LINE      CODE     ---       #53
      0100174DH   LINE      CODE     ---       #54
      0100176FH   LINE      CODE     ---       #55
      010017BAH   LINE      CODE     ---       #56
      010017CAH   LINE      CODE     ---       #57
      010017EFH   LINE      CODE     ---       #58
      ---         BLOCKEND  ---      ---       LVL=0
LX51 LINKER/LOCATER V4.66.41.0                                                        06/02/2016  19:11:52  PAGE 17



      010013E4H   BLOCK     CODE     ---       LVL=0
      01001428H   BLOCK     CODE     NEAR LAB  LVL=1
      02000000H   SYMBOL    XDATA    INT       i
      02000002H   SYMBOL    XDATA    ---       outputText
      02000021H   SYMBOL    XDATA    FLOAT     ActualRPM
      02000025H   SYMBOL    XDATA    INT       SetRPM
      02000027H   SYMBOL    XDATA    FLOAT     difference
      0200002BH   SYMBOL    XDATA    FLOAT     olddifference
      0200002FH   SYMBOL    XDATA    FLOAT     gradient
      02000033H   SYMBOL    XDATA    INT       j
      ---         BLOCKEND  ---      ---       LVL=1
      010013E4H   LINE      CODE     ---       #66
      010013E4H   LINE      CODE     ---       #67
      010013E4H   LINE      CODE     ---       #68
      010013E7H   LINE      CODE     ---       #70
      010013EAH   LINE      CODE     ---       #71
      010013EDH   LINE      CODE     ---       #72
      010013F0H   LINE      CODE     ---       #73
      010013F2H   LINE      CODE     ---       #74
      010013F4H   LINE      CODE     ---       #75
      010013F6H   LINE      CODE     ---       #76
      01001400H   LINE      CODE     ---       #79
      0100140AH   LINE      CODE     ---       #80
      01001414H   LINE      CODE     ---       #81
      0100141EH   LINE      CODE     ---       #83
      01001428H   LINE      CODE     ---       #84
      01001428H   LINE      CODE     ---       #85
      01001428H   LINE      CODE     ---       #94
      01001432H   LINE      CODE     ---       #96
      01001457H   LINE      CODE     ---       #98
      01001480H   LINE      CODE     ---       #99
      010014CCH   LINE      CODE     ---       #100
      010014DCH   LINE      CODE     ---       #101
      01001516H   LINE      CODE     ---       #104
      01001529H   LINE      CODE     ---       #105
      01001533H   LINE      CODE     ---       #106
      0100153CH   LINE      CODE     ---       #108
      0100155FH   LINE      CODE     ---       #110
      01001584H   LINE      CODE     ---       #112
      010015A9H   LINE      CODE     ---       #114
      010015BBH   LINE      CODE     ---       #117
      01001655H   LINE      CODE     ---       #119
      0100166DH   LINE      CODE     ---       #120
      01001677H   LINE      CODE     ---       #121
      01001677H   LINE      CODE     ---       #122
      0100168FH   LINE      CODE     ---       #123
      01001699H   LINE      CODE     ---       #124
      01001699H   LINE      CODE     ---       #125
      010016AAH   LINE      CODE     ---       #126
      010016B4H   LINE      CODE     ---       #127
      010016B4H   LINE      CODE     ---       #128
      010016CBH   LINE      CODE     ---       #132
      0100172DH   LINE      CODE     ---       #134
      01001734H   LINE      CODE     ---       #136
      01001737H   LINE      CODE     ---       #137
      01001740H   LINE      CODE     ---       #142
      ---         BLOCKEND  ---      ---       LVL=0

      ---         MODULE    ---      ---       ?C?FPADD
      01000807H   PUBLIC    CODE     ---       ?C?FPADD
      01000803H   PUBLIC    CODE     ---       ?C?FPSUB

      ---         MODULE    ---      ---       ?C?FPMUL
      010008F8H   PUBLIC    CODE     ---       ?C?FPMUL
LX51 LINKER/LOCATER V4.66.41.0                                                        06/02/2016  19:11:52  PAGE 18



      ---         MODULE    ---      ---       ?C?FPDIV
      01000A01H   PUBLIC    CODE     ---       ?C?FPDIV

      ---         MODULE    ---      ---       ?C?FPCMP
      01000AA0H   PUBLIC    CODE     ---       ?C?FPCMP
      01000A9EH   PUBLIC    CODE     ---       ?C?FPCMP3

      ---         MODULE    ---      ---       ?C?FCAST
      01000B21H   PUBLIC    CODE     ---       ?C?FCASTC
      01000B1CH   PUBLIC    CODE     ---       ?C?FCASTI
      01000B17H   PUBLIC    CODE     ---       ?C?FCASTL

      ---         MODULE    ---      ---       ?C?CASTF
      01000B55H   PUBLIC    CODE     ---       ?C?CASTF

      ---         MODULE    ---      ---       PRINTF
      02000035H   PUBLIC    XDATA    ---       ?_PRINTF?BYTE
      02000035H   PUBLIC    XDATA    ---       ?_SPRINTF?BYTE
      01000FCCH   PUBLIC    CODE     ---       _PRINTF
      01000FC6H   PUBLIC    CODE     ---       _SPRINTF

      ---         MODULE    ---      ---       ?C?FPGETOPN
      01000B8CH   PUBLIC    CODE     ---       ?C?FPGETOPN2
      01000BC1H   PUBLIC    CODE     ---       ?C?FPNANRESULT
      01000BCBH   PUBLIC    CODE     ---       ?C?FPOVERFLOW
      01000BA3H   PUBLIC    CODE     ---       ?C?FPRESULT
      01000BB7H   PUBLIC    CODE     ---       ?C?FPRESULT2
      01000BC8H   PUBLIC    CODE     ---       ?C?FPUNDERFLOW

      ---         MODULE    ---      ---       ?C?FPROUND
      01000BD6H   PUBLIC    CODE     ---       ?C?FPROUND

      ---         MODULE    ---      ---       ?C?FPCONVERT
      01000C13H   PUBLIC    CODE     ---       ?C?FPCONVERT

      ---         MODULE    ---      ---       ?C?FTNPWR
      01000D48H   PUBLIC    CODE     ---       ?C?FTNPWR

      ---         MODULE    ---      ---       ?C_INIT
      01001961H   PUBLIC    CODE     ---       ?C_START

      ---         MODULE    ---      ---       ?C?CLDPTR
      01000D88H   PUBLIC    CODE     ---       ?C?CLDPTR

      ---         MODULE    ---      ---       ?C?CLDOPTR
      01000DA1H   PUBLIC    CODE     ---       ?C?CLDOPTR

      ---         MODULE    ---      ---       ?C?CSTPTR
      01000DCEH   PUBLIC    CODE     ---       ?C?CSTPTR

      ---         MODULE    ---      ---       ?C?CSTOPTR
      01000DE0H   PUBLIC    CODE     ---       ?C?CSTOPTR

      ---         MODULE    ---      ---       ?C?SLDIV
      01001A78H   PUBLIC    CODE     ---       ?C?SLDIV

      ---         MODULE    ---      ---       ?C?LNEG
      01000E02H   PUBLIC    CODE     ---       ?C?LNEG

      ---         MODULE    ---      ---       ?C?LSTXDATA
      01000E10H   PUBLIC    CODE     ---       ?C?LSTXDATA

      ---         MODULE    ---      ---       ?C?LSTKXDATA
      01000E1CH   PUBLIC    CODE     ---       ?C?LSTKXDATA
LX51 LINKER/LOCATER V4.66.41.0                                                        06/02/2016  19:11:52  PAGE 19



      ---         MODULE    ---      ---       ?C?PLDIXDATA
      01000E4DH   PUBLIC    CODE     ---       ?C?PLDIXDATA

      ---         MODULE    ---      ---       ?C?PSTXDATA
      01000E64H   PUBLIC    CODE     ---       ?C?PSTXDATA

      ---         MODULE    ---      ---       ?C?CCASE
      01000E6DH   PUBLIC    CODE     ---       ?C?CCASE

      ---         MODULE    ---      ---       PUTCHAR
      01001BE6H   PUBLIC    CODE     ---       _PUTCHAR

      ---         MODULE    ---      ---       ?C?ULDIV
      01000ECFH   PUBLIC    CODE     ---       ?C?ULDIV



*** WARNING L52: EVAL VERSION USED BEFORE, REBUILD ALL *.OBJ FILES
    MODULE:  .\phys340libkeil.obj (PHYS340LIBKEIL)

*** WARNING L57: UNCALLED FUNCTION, IGNORED FOR OVERLAY PROCESS
    NAME:    GETLCDPOS/PHYS340LIBKEIL

*** WARNING L57: UNCALLED FUNCTION, IGNORED FOR OVERLAY PROCESS
    NAME:    SAMPLEKEYPAD/PHYS340LIBKEIL

*** WARNING L57: UNCALLED FUNCTION, IGNORED FOR OVERLAY PROCESS
    NAME:    SAMPLEADC/PHYS340LIBKEIL

*** WARNING L57: UNCALLED FUNCTION, IGNORED FOR OVERLAY PROCESS
    NAME:    _INITSERIAL/PHYS340LIBKEIL

*** WARNING L57: UNCALLED FUNCTION, IGNORED FOR OVERLAY PROCESS
    NAME:    _WRITELINESERIAL/PHYS340LIBKEIL

*** WARNING L57: UNCALLED FUNCTION, IGNORED FOR OVERLAY PROCESS
    NAME:    _READLINESERIAL/PHYS340LIBKEIL

******************************************************************************
* RESTRICTED VERSION WITH 0800H BYTE CODE SIZE LIMIT; USED: 07B6H BYTE (96%) *
******************************************************************************

Program Size: data=15.1 xdata=193 const=0 code=5254
LX51 RUN COMPLETE.  7 WARNING(S),  0 ERROR(S)
